.prfx-my-class {
  color: green;
}

.prfx-my-class .with-another-class {
  box-sizing: border-box;
}

.ignored-class {
  background-color: blue;
}

.prefix-that-is-ignored {
  text-decoration: none;
}
